C51 COMPILER V9.03   CAPSENSE_COMPCH0_PM                                                   08/28/2015 10:18:33 PAGE 1   


C51 COMPILER V9.03, COMPILATION OF MODULE CAPSENSE_COMPCH0_PM
OBJECT MODULE PLACED IN .\DP8051\DP8051_Keil_903\Debug\CapSense_CompCH0_PM.obj
COMPILER INVOKED BY: C:\Program Files (x86)\Cypress\PSoC Creator\2.0\PSoC Creator\import\keil\pk51\9.03\C51\BIN\c51.exe 
                    -.\Generated_Source\PSoC3\CapSense_CompCH0_PM.c NOIV LARGE MODDP2 OMF2 VB(1) PR(.\DP8051\DP8051_Keil_903\Debug\CapSense_C
                    -ompCH0_PM.lst) CD DB NOIP OT(2,SIZE) INCDIR(Generated_Source\PSoC3) OJ(.\DP8051\DP8051_Keil_903\Debug\CapSense_CompCH0_P
                    -M.obj)

line level    source

   1          /*******************************************************************************
   2          * File Name: CapSense_CompCH0_PM.c  
   3          * Version 1.70
   4          *
   5          *  Description:
   6          *     This file provides the power management source code APIs for the
   7          *     Comparator.  
   8          *
   9          *   Note:
  10          *     None
  11          *
  12          *******************************************************************************
  13          * Copyright 2008-2011, Cypress Semiconductor Corporation.  All rights reserved.
  14          * You may use this file only in accordance with the license, terms, conditions, 
  15          * disclaimers, and limitations in the end user license agreement accompanying 
  16          * the software package with which this file was provided.
  17          ********************************************************************************/
  18          
  19          
  20          #include "CapSense_CompCH0.h"
  21          
  22          static CapSense_CompCH0_backupStruct CapSense_CompCH0_backup;
  23          
  24          
  25          /*******************************************************************************
  26          * Function Name: CapSense_CompCH0_SaveConfig
  27          ********************************************************************************
  28          *
  29          * Summary:
  30          *     Save the current user configuration
  31          *
  32          * Parameters:  
  33          *  void:  
  34          *
  35          * Return: 
  36          *  void
  37          *
  38          * Reentrant:
  39          *  No
  40          *
  41          *******************************************************************************/
  42          void CapSense_CompCH0_SaveConfig(void)
  43          {
  44   1          /* Empty since all are system reset for retention flops */
  45   1      }
  46          
  47          
  48          /*******************************************************************************
  49          * Function Name: CapSense_CompCH0_RestoreConfig
  50          ********************************************************************************
  51          *
  52          * Summary:
C51 COMPILER V9.03   CAPSENSE_COMPCH0_PM                                                   08/28/2015 10:18:33 PAGE 2   

  53          *  Restores the current user configuration.
  54          *
  55          * Parameters:  
  56          *  void
  57          *
  58          * Return: 
  59          *  void
  60          *
  61          * Reentrant:
  62          *  No
  63          *
  64          *******************************************************************************/
  65          void CapSense_CompCH0_RestoreConfig(void)
  66          {
  67   1          /* Empty since all are system reset for retention flops */    
  68   1      }
  69          
  70          
  71          /*******************************************************************************
  72          * Function Name: CapSense_CompCH0_Sleep
  73          ********************************************************************************
  74          *
  75          * Summary:
  76          *     Stop and Save the user configuration
  77          *
  78          * Parameters:  
  79          *  void:  
  80          *
  81          * Return: 
  82          *  void
  83          *
  84          * Global variables:
  85          *  CapSense_CompCH0_backup.enableState:  Is modified depending on the enable 
  86          *   state of the block before entering sleep mode.
  87          *
  88          * Reentrant:
  89          *  No
  90          *
  91          *******************************************************************************/
  92          void CapSense_CompCH0_Sleep(void)
  93          {
  94   1          /* Save Comp's enable state */    
  95   1          if(CapSense_CompCH0_ACT_PWR_EN == (CapSense_CompCH0_PWRMGR & CapSense_CompCH0_ACT_PWR_EN))
  96   1          {
  97   2              /* Comp is enabled */
  98   2              CapSense_CompCH0_backup.enableState = 1u;
  99   2          }
 100   1          else
 101   1          {
 102   2              /* Comp is disabled */
 103   2              CapSense_CompCH0_backup.enableState = 0u;
 104   2          }    
 105   1          
 106   1          CapSense_CompCH0_Stop();
 107   1          CapSense_CompCH0_SaveConfig();
 108   1      }
 109          
 110          
 111          /*******************************************************************************
 112          * Function Name: CapSense_CompCH0_Wakeup
 113          ********************************************************************************
 114          *
C51 COMPILER V9.03   CAPSENSE_COMPCH0_PM                                                   08/28/2015 10:18:33 PAGE 3   

 115          * Summary:
 116          *  Restores and enables the user configuration
 117          *  
 118          * Parameters:  
 119          *  void
 120          *
 121          * Return: 
 122          *  void
 123          *
 124          * Global variables:
 125          *  CapSense_CompCH0_backup.enableState:  Is used to restore the enable state of 
 126          *  block on wakeup from sleep mode.
 127          *
 128          * Reentrant:
 129          *  Yes
 130          *
 131          *******************************************************************************/
 132          void CapSense_CompCH0_Wakeup(void) 
 133          {
 134   1          CapSense_CompCH0_RestoreConfig();
 135   1          
 136   1          if(CapSense_CompCH0_backup.enableState == 1u)
 137   1          {
 138   2              /* Enable Comp's operation */
 139   2              CapSense_CompCH0_Enable();
 140   2      
 141   2          } /* Do nothing if Comp was disabled before */    
 142   1          
 143   1      }
 144          
 145          
 146          /* [] END OF FILE */
C51 COMPILER V9.03   CAPSENSE_COMPCH0_PM                                                   08/28/2015 10:18:33 PAGE 4   

ASSEMBLY LISTING OF GENERATED OBJECT CODE


             ; FUNCTION CapSense_CompCH0_SaveConfig (BEGIN)
                                           ; SOURCE LINE # 42
                                           ; SOURCE LINE # 43
                                           ; SOURCE LINE # 45
0000 22                RET     
             ; FUNCTION CapSense_CompCH0_SaveConfig (END)

             ; FUNCTION CapSense_CompCH0_RestoreConfig (BEGIN)
                                           ; SOURCE LINE # 65
                                           ; SOURCE LINE # 66
                                           ; SOURCE LINE # 68
0000 22                RET     
             ; FUNCTION CapSense_CompCH0_RestoreConfig (END)

             ; FUNCTION CapSense_CompCH0_Sleep (BEGIN)
                                           ; SOURCE LINE # 92
                                           ; SOURCE LINE # 93
                                           ; SOURCE LINE # 95
0000 9043A7            MOV     DPTR,#043A7H
0003 E0                MOVX    A,@DPTR
0004 FF                MOV     R7,A
0005 EF                MOV     A,R7
0006 5402              ANL     A,#02H
0008 FF                MOV     R7,A
0009 7E00              MOV     R6,#00H
000B EF                MOV     A,R7
000C 6402              XRL     A,#02H
000E 4E                ORL     A,R6
000F 7008              JNZ     ?C0003
                                           ; SOURCE LINE # 96
                                           ; SOURCE LINE # 98
0011 900000      R     MOV     DPTR,#CapSense_CompCH0_backup
0014 7401              MOV     A,#01H
0016 F0                MOVX    @DPTR,A
                                           ; SOURCE LINE # 99
0017 8005              SJMP    ?C0004
0019         ?C0003:
                                           ; SOURCE LINE # 101
                                           ; SOURCE LINE # 103
0019 900000      R     MOV     DPTR,#CapSense_CompCH0_backup
001C E4                CLR     A
001D F0                MOVX    @DPTR,A
                                           ; SOURCE LINE # 104
001E         ?C0004:
                                           ; SOURCE LINE # 106
001E 120000      E     LCALL   CapSense_CompCH0_Stop
                                           ; SOURCE LINE # 107
0021 120000      R     LCALL   CapSense_CompCH0_SaveConfig
                                           ; SOURCE LINE # 108
0024 22                RET     
             ; FUNCTION CapSense_CompCH0_Sleep (END)

             ; FUNCTION CapSense_CompCH0_Wakeup (BEGIN)
                                           ; SOURCE LINE # 132
                                           ; SOURCE LINE # 133
                                           ; SOURCE LINE # 134
0000 120000      R     LCALL   CapSense_CompCH0_RestoreConfig
                                           ; SOURCE LINE # 136
0003 900000      R     MOV     DPTR,#CapSense_CompCH0_backup
C51 COMPILER V9.03   CAPSENSE_COMPCH0_PM                                                   08/28/2015 10:18:33 PAGE 5   

0006 E0                MOVX    A,@DPTR
0007 FF                MOV     R7,A
0008 EF                MOV     A,R7
0009 B40103            CJNE    A,#01H,?C0007
                                           ; SOURCE LINE # 137
                                           ; SOURCE LINE # 139
000C 120000      E     LCALL   CapSense_CompCH0_Enable
                                           ; SOURCE LINE # 141
                                           ; SOURCE LINE # 143
000F         ?C0007:
000F 22                RET     
             ; FUNCTION CapSense_CompCH0_Wakeup (END)



MODULE INFORMATION:   STATIC OVERLAYABLE
   CODE SIZE        =     55    ----
   CONSTANT SIZE    =   ----    ----
   XDATA SIZE       =      2    ----
   PDATA SIZE       =   ----    ----
   DATA SIZE        =   ----    ----
   IDATA SIZE       =   ----    ----
   BIT SIZE         =   ----    ----
   EDATA SIZE       =   ----    ----
   HDATA SIZE       =   ----    ----
   XDATA CONST SIZE =   ----    ----
   FAR CONST SIZE   =   ----    ----
END OF MODULE INFORMATION.


C51 COMPILATION COMPLETE.  0 WARNING(S),  0 ERROR(S)
